abendgymnasium-der-vhs-heidelberg.txt
adolf-schmitthenner-gymnasium-neckarbischofsheim.txt
albert-schweitzer-gymnasium-laichingen.txt
albert-schweitzer-schule-albershausen.txt
albert-schweitzer-schule-sinsheim.txt
alexander-von-humboldt-gymnasium-konstanz.txt
alexander-von-humboldt-gymnasium-neuss.txt
bbs-ii-northeim.txt
bertha-benz-realschule-wiesloch.txt
berufsbildungszentrum-weingartstra-e-neuss.txt
beuditzschule-wei-enfels.txt
bunsen-gymnasium-heidelberg.txt
carl-bosch-schule-heidelberg.txt
comenius-gesamtschule-neuss.txt
daniel-straub-realschule-geislingen.txt
dietrich-bonhoeffer-gymnasium-eppelheim.txt
elsenztalschule-bammental.txt
felix-klein-gymnasium-g-ttingen.txt
freie-evangelische-schule-wei-enfels.txt
freie-waldorfschule-filstal-g-ppingen.txt
friedrich-ebert-gymnasium-sandhausen.txt
friedrich-eugens-gymnasium-stuttgart.txt
friedrich-schiller-gemeinschaftsschule-eislingen.txt
friedrich-schiller-gymnasium-pirna.txt
gemeinschaftsschule-am-tegelberg-geislingen.txt
georg-b-chner-gymnasium-winnenden.txt
georg-von-giesche-gymnasium-berlin-tegel-.txt
gesamtschule-an-der-erft-neuss.txt
gesamtschule-nordstadt-neuss.txt
gesamtschule-norf-neuss-norf.txt
georg-von-giesche-gymnasium-berlin-sch-neberg-.txt
geschwister-scholl-realschule-s-en.txt
geschwister-scholl-schule-einbeck.txt
geschwister-scholl-schule-heidelberg.txt
gregor-mendel-realschule-heidelberg.txt
gruseneckschule-gms-helmstadt-bargen-helmstadt-bargen.txt
gymnasium-bammental-bammental.txt
gymnasium-essen-werden-essen.txt
gymnasium-goetheschule-einbeck.txt
gymnasium-hohenbaden-baden-baden.txt
gymnasium-walldorf-walldorf.txt
h-lderlin-gymnasium-heidelberg.txt
heinrich-schickhardt-schule-bad-boll.txt
helfenstein-gymnasium-geislingen.txt
helmholtz-gymnasium-heidelberg.txt
hermann-hesse-realschule-g-ppingen.txt
hohenstaufen-gymnasium-eberbach.txt
hpc-realschule-f-u-heidelberg.txt
humboldt-realschule-eppelheim.txt
integrierte-gesamtschule-einbeck.txt
internationale-gesamtschule-heidelberg.txt
johann-georg-fischer-schule-s-en.txt
johann-gottfried-herder-gymnasium-pirna-copitz.txt
johannes-kepler-realschule-heidelberg.txt
justus-knecht-gymnasium-bruchsal.txt
justus-von-liebig-schule-g-ppingen.txt
k-the-kollwitz-schule-g-ttingen.txt
kaufm-nnische-schule-geislingen.txt
klosterschule-vom-hl-grab-baden-baden.txt
kowegschule-wei-enfels.txt
kraichgau-realschule-sinsheim.txt
kraichgauschule-m-hlhausen.txt
l-ns-realschule-einbeck.txt
l-wenrot-gymnasium-st-leon-rot.txt
landsche-schule-eckw-lden-bad-boll.txt
lise-meitner-gymnasium-k-nigsbach-stein.txt
marie-baum-schule-heidelberg.txt
marie-curie-oberschule-dohna.txt
markgraf-ludwig-gymnasium-baden-baden.txt
matthias-claudius-gymnasium-gehrden.txt
max-born-gymnasium-neckargem-nd.txt
oberschule-bad-gandersheim-bad-gandersheim.txt
oberschule-bad-gottleuba-bad-gottleuba-berggie-h-bel.txt
oberschule-j-w-von-goethe-pirna.txt
oberschule-northeim-ehem-gutenberg-rs-northeim.txt
ottheinrich-gymnasium-wiesloch.txt
otto-graf-realschule-leimen.txt
p-dagogium-baden-baden.txt
parkringschule-st-leon-rot.txt
paul-gerhardt-schule-dassel.txt
pestalozzischule-g-ppingen.txt
rainald-von-dassel-schule-dassel.txt
realschule-baden-baden-baden-baden.txt
realschule-eberbach-eberbach.txt
realschule-neckargem-nd-neckargem-nd.txt
realschule-waibstadt-waibstadt.txt
richard-wagner-gymnasium-baden-baden.txt
rita-s-ssmuth-realschule-ehem-rs-holzhei-neuss.txt
robert-schuman-schule-baden-baden.txt
roswitha-gymnasium-bad-gandersheim.txt
schiller-realschule-g-ppingen.txt
schubart-realschule-geislingen.txt
stephen-hawking-schule-neckargem-nd.txt
theodor-heuss-realschule-heidelberg.txt
theodor-heuss-realschule-walldorf.txt
theodor-heuss-schule-gwrs-baden-baden.txt
uhlandschule-geislingen.txt
waldparkschule-heidelberg.txt
weperschule-hardegsen.txt
werkrealschule-lichtental-baden-baden.txt
wilhelmi-gymnasium-sinsheim.txt
